// Jest Snapshot v1, https://goo.gl/fbAQLP

exports[`<StringDisplayPages /> should render and match the snapshot 1`] = `
<div>
  <h1
    class="H1-tncdg6-0 hpAKSC"
  >
    <span>
      String Store Strings
    </span>
  </h1>
  <div
    class="Wrapper-sc-1umgotm-0 laCwDT"
  >
    <ul
      class="Ul-mwnq6h-0 jcxXFy"
    />
  </div>
</div>
`;
